// Vitest Snapshot v1

exports[`<TextInput /> > should match snapshot 1`] = `
<input
  class="text-input"
  placeholder="Type your search"
  type="search"
  value=""
/>
`;
